###############################################################################
#
# IAR ELF Linker V3.10.1.201 for STM8                     14/Sep/2023  09:57:41
# Copyright 2010-2017 IAR Systems AB.
#
#    Output file  =  
#        Z:\XData\1.work\3.Makerbox\Projects\2.Outsource\A.Duc_SmarthomeVN\Ledcauthang\Firmware\key_v1.1\STM8S\IAR\Debug\Exe\StairLighting-Key.out
#    Map file     =  
#        Z:\XData\1.work\3.Makerbox\Projects\2.Outsource\A.Duc_SmarthomeVN\Ledcauthang\Firmware\key_v1.1\STM8S\IAR\Debug\List\StairLighting-Key.map
#    Command line =  
#        -f C:\Users\VM\AppData\Local\Temp\EW7B03.tmp
#        (Z:\XData\1.work\3.Makerbox\Projects\2.Outsource\A.Duc_SmarthomeVN\Ledcauthang\Firmware\key_v1.1\STM8S\IAR\Debug\Obj\led_control.o
#        Z:\XData\1.work\3.Makerbox\Projects\2.Outsource\A.Duc_SmarthomeVN\Ledcauthang\Firmware\key_v1.1\STM8S\IAR\Debug\Obj\main.o
#        Z:\XData\1.work\3.Makerbox\Projects\2.Outsource\A.Duc_SmarthomeVN\Ledcauthang\Firmware\key_v1.1\STM8S\IAR\Debug\Obj\serial.o
#        Z:\XData\1.work\3.Makerbox\Projects\2.Outsource\A.Duc_SmarthomeVN\Ledcauthang\Firmware\key_v1.1\STM8S\IAR\Debug\Obj\stm8s_clk.o
#        Z:\XData\1.work\3.Makerbox\Projects\2.Outsource\A.Duc_SmarthomeVN\Ledcauthang\Firmware\key_v1.1\STM8S\IAR\Debug\Obj\stm8s_gpio.o
#        Z:\XData\1.work\3.Makerbox\Projects\2.Outsource\A.Duc_SmarthomeVN\Ledcauthang\Firmware\key_v1.1\STM8S\IAR\Debug\Obj\stm8s_tim4.o
#        Z:\XData\1.work\3.Makerbox\Projects\2.Outsource\A.Duc_SmarthomeVN\Ledcauthang\Firmware\key_v1.1\STM8S\IAR\Debug\Obj\stm8s_uart1.o
#        --redirect _Printf=_PrintfFullNoMb --redirect _Scanf=_ScanfFullNoMb -o
#        Z:\XData\1.work\3.Makerbox\Projects\2.Outsource\A.Duc_SmarthomeVN\Ledcauthang\Firmware\key_v1.1\STM8S\IAR\Debug\Exe\StairLighting-Key.out
#        --map
#        Z:\XData\1.work\3.Makerbox\Projects\2.Outsource\A.Duc_SmarthomeVN\Ledcauthang\Firmware\key_v1.1\STM8S\IAR\Debug\List\StairLighting-Key.map
#        --config "C:\Program Files (x86)\IAR Systems\Embedded Workbench
#        8.0\stm8\config\lnkstm8s003f3.icf" --config_def _CSTACK_SIZE=0x100
#        --config_def _HEAP_SIZE=0x100 --entry __iar_program_start --debug_lib)
#
###############################################################################

*******************************************************************************
*** RUNTIME MODEL ATTRIBUTES
***

__SystemLibrary            = DLib
__code_model               = small
__core                     = stm8
__data_model               = medium
__dlib_file_descriptor     = 0
__dlib_full_locale_support = 0
__rt_version               = 4


*******************************************************************************
*** PLACEMENT SUMMARY
***

"A0":  place at start of [0x000000-0x0000ff] { rw section .vregs };
"A1":  place at end of [0x000000-0x0003ff] { block CSTACK };
"P2":  place in [from 0x000000 to 0x0003ff] {
          block HEAP, rw section __DLIB_PERTHREAD, rw section .far.bss,
          rw section .far.data, rw section .far.noinit,
          rw section .far_func.textrw, rw section .huge.bss,
          rw section .huge.data, rw section .huge.noinit,
          rw section .huge_func.textrw, rw section .iar.dynexit,
          rw section .near.bss, rw section .near.data, rw section .near.noinit,
          rw section .near_func.textrw };
"A2":  place at start of [0x008000-0x009fff] { block INTVEC };
"P3":  place in [from 0x008000 to 0x009fff] {
          ro section __DLIB_PERTHREAD_init, ro section .far.data_init,
          ro section .far_func.textrw_init, ro section .huge.data_init,
          ro section .huge_func.textrw_init, ro section .iar.init_table,
          ro section .init_array, ro section .near.data_init,
          ro section .near.rodata, ro section .near_func.text,
          ro section .near_func.textrw_init, ro section .tiny.data_init,
          ro section .tiny.rodata_init };
"P4":  place in [from 0x008000 to 0x009fff] {
          ro section .far.rodata, ro section .far_func.text };
"P5":  place in [from 0x008000 to 0x009fff] {
          ro section .huge.rodata, ro section .huge_func.text };
do not initialize {
   rw section .eeprom.noinit, rw section .far.noinit, rw section .huge.noinit,
   rw section .near.noinit, rw section .tiny.noinit, rw section .vregs };

  Section          Kind      Address   Size  Object
  -------          ----      -------   ----  ------
"A0":                                  0x10
  .vregs           uninit   0x000000   0x10  vregs.o [4]
                          - 0x000010   0x10

"P2":                                  0x53
  .near.bss        zero     0x000010   0x35  serial.o [1]
  .near.bss        zero     0x000045   0x1c  led_control.o [1]
  .near.bss        zero     0x000061    0x1  led_control.o [1]
  .near.bss        zero     0x000062    0x1  serial.o [1]
                          - 0x000063   0x53

"A1":                                 0x100
  CSTACK                    0x000300  0x100  <Block>
    CSTACK         uninit   0x000300  0x100  <Block tail>
                          - 0x000400  0x100

"A2":                                  0x80
  INTVEC                    0x008000   0x80  <Block>
    .intvec        const    0x008000   0x80  interrupt.o [4]
                          - 0x008080   0x80

"P3-P5":                              0x8c0
  .near_func.text  ro code  0x008080  0x2f4  led_control.o [1]
  .near_func.text  ro code  0x008374  0x18a  stm8s_uart1.o [1]
  .near_func.text  ro code  0x0084fe  0x117  long.o [4]
  .near_func.text  ro code  0x008615   0x6a  stm8s_gpio.o [1]
  .near_func.text  ro code  0x00867f   0x63  stm8s_uart1.o [1]
  .near_func.text  ro code  0x0086e2   0x50  led_control.o [1]
  .near_func.text  ro code  0x008732   0x48  serial.o [1]
  .near_func.text  ro code  0x00877a   0x40  stm8s_clk.o [1]
  .near_func.text  ro code  0x0087ba   0x37  serial.o [1]
  .near_func.text  ro code  0x0087f1   0x31  main.o [1]
  .near_func.text  ro code  0x008822   0x2b  stm8s_uart1.o [1]
  .iar.init_table  const    0x00884d    0x8  - Linker created -
  .near_func.text  ro code  0x008855   0x1e  init_small.o [4]
  .near_func.text  ro code  0x008873   0x1a  stm8s_tim4.o [1]
  .near_func.text  ro code  0x00888d   0x18  vreg_util.o [4]
  .near_func.text  ro code  0x0088a5   0x14  init.o [4]
  .near_func.text  ro code  0x0088b9   0x14  __dbg_xxexit.o [3]
  .near_func.text  ro code  0x0088cd   0x13  stm8s_clk.o [1]
  .near_func.text  ro code  0x0088e0   0x13  cstartup.o [4]
  .near_func.text  ro code  0x0088f3    0xf  serial.o [1]
  .near_func.text  ro code  0x008902    0xd  stm8s_tim4.o [1]
  .near_func.text  ro code  0x00890f    0xd  short.o [4]
  .near_func.text  ro code  0x00891c    0x9  stm8s_tim4.o [1]
  .near_func.text  ro code  0x008925    0x5  stm8s_tim4.o [1]
  .near_func.text  ro code  0x00892a    0x5  cexit.o [4]
  .near.rodata     const    0x00892f    0x4  stm8s_clk.o [1]
  .near_func.text  ro code  0x008933    0x3  interrupt.o [4]
  .near_func.text  ro code  0x008936    0x3  low_level_init.o [4]
  .near_func.text  ro code  0x008939    0x3  exit.o [4]
  .near_func.text  ro code  0x00893c    0x3  unhandled_exception.o [4]
  .near_func.text  ro code  0x00893f    0x1  __dbg_break.o [3]
                          - 0x008940  0x8c0


*******************************************************************************
*** INIT TABLE
***

          Address   Size
          -------   ----
Zero (__iar_zero_init2)
    1 destination range, total size 0x53:
          0x000010  0x53



*******************************************************************************
*** MODULE SUMMARY
***

    Module                 ro code  ro data  rw data
    ------                 -------  -------  -------
Z:\XData\1.work\3.Makerbox\Projects\2.Outsource\A.Duc_SmarthomeVN\Ledcauthang\Firmware\key_v1.1\STM8S\IAR\Debug\Obj: [1]
    led_control.o              836                29
    main.o                      49
    serial.o                   142                54
    stm8s_clk.o                 83        4
    stm8s_gpio.o               106
    stm8s_tim4.o                53
    stm8s_uart1.o              536
    ------------------------------------------------
    Total:                   1 805        4       83

command line: [2]
    ------------------------------------------------
    Total:

dbgstm8smd.a: [3]
    __dbg_break.o                1
    __dbg_xxexit.o              20
    ------------------------------------------------
    Total:                      21

dlstm8smn.a: [4]
    cexit.o                      5
    cstartup.o                  19
    exit.o                       3
    init.o                      20
    init_small.o                30
    interrupt.o                  3      128
    long.o                     279
    low_level_init.o             3
    short.o                     13
    unhandled_exception.o        3
    vreg_util.o                 24
    vregs.o                                       16
    ------------------------------------------------
    Total:                     402      128       16

    Linker created                        8      256
----------------------------------------------------
    Grand Total:             2 228      140      355


*******************************************************************************
*** ENTRY LIST
***

Entry                    Address   Size  Type      Object
-----                    -------   ----  ----      ------
.iar.init_table$$Base   0x00884d          --   Gb  - Linker created -
.iar.init_table$$Limit  0x008855          --   Gb  - Linker created -
?b0                     0x000000         Data  Gb  vregs.o [4]
?b1                     0x000001         Data  Gb  vregs.o [4]
?b10                    0x00000a         Data  Gb  vregs.o [4]
?b11                    0x00000b         Data  Gb  vregs.o [4]
?b12                    0x00000c         Data  Gb  vregs.o [4]
?b13                    0x00000d         Data  Gb  vregs.o [4]
?b14                    0x00000e         Data  Gb  vregs.o [4]
?b15                    0x00000f         Data  Gb  vregs.o [4]
?b2                     0x000002         Data  Gb  vregs.o [4]
?b3                     0x000003         Data  Gb  vregs.o [4]
?b4                     0x000004         Data  Gb  vregs.o [4]
?b5                     0x000005         Data  Gb  vregs.o [4]
?b6                     0x000006         Data  Gb  vregs.o [4]
?b7                     0x000007         Data  Gb  vregs.o [4]
?b8                     0x000008         Data  Gb  vregs.o [4]
?b9                     0x000009         Data  Gb  vregs.o [4]
?e0                     0x000001         Data  Gb  vregs.o [4]
?e1                     0x000005         Data  Gb  vregs.o [4]
?e2                     0x000009         Data  Gb  vregs.o [4]
?e3                     0x00000d         Data  Gb  vregs.o [4]
?l0                     0x000000         Data  Gb  vregs.o [4]
?l1                     0x000004         Data  Gb  vregs.o [4]
?l2                     0x000008         Data  Gb  vregs.o [4]
?l3                     0x00000c         Data  Gb  vregs.o [4]
?mul32_l0_l0_l1         0x008519         Code  Gb  long.o [4]
?push_w4                0x00888d         Code  Gb  vreg_util.o [4]
?sll16_x_x_a            0x00890f         Code  Gb  short.o [4]
?sll32_0x_0x_a          0x008607         Code  Gb  long.o [4]
?sll32_l0_l0_a          0x008604         Code  Gb  long.o [4]
?srl16_x_x_4            0x008917         Code  Gb  short.o [4]
?sub32_l0_l0_0x         0x008501         Code  Gb  long.o [4]
?sub32_l0_l0_l1         0x0084fe         Code  Gb  long.o [4]
?udiv32_l0_l0_l1        0x008597         Code  Gb  long.o [4]
?umod32_l1_l0_l1        0x008597         Code  Gb  long.o [4]
?w0                     0x000000         Data  Gb  vregs.o [4]
?w1                     0x000002         Data  Gb  vregs.o [4]
?w2                     0x000004         Data  Gb  vregs.o [4]
?w3                     0x000006         Data  Gb  vregs.o [4]
?w4                     0x000008         Data  Gb  vregs.o [4]
?w5                     0x00000a         Data  Gb  vregs.o [4]
?w6                     0x00000c         Data  Gb  vregs.o [4]
?w7                     0x00000e         Data  Gb  vregs.o [4]
CLK_GetClockFreq        0x00877a   0x40  Code  Gb  stm8s_clk.o [1]
CLK_HSIPrescalerConfig  0x0088cd   0x13  Code  Gb  stm8s_clk.o [1]
CSTACK$$Base            0x000300          --   Gb  - Linker created -
CSTACK$$Limit           0x000400          --   Gb  - Linker created -
GPIO_Init               0x008615   0x6a  Code  Gb  stm8s_gpio.o [1]
HSIDivFactor            0x00892f    0x4  Data  Gb  stm8s_clk.o [1]
INTVEC$$Base            0x008000          --   Gb  - Linker created -
INTVEC$$Limit           0x008080          --   Gb  - Linker created -
LedControl_Init         0x0086e2   0x50  Code  Gb  led_control.o [1]
Region$$Table$$Base     0x00884d          --   Gb  - Linker created -
Region$$Table$$Limit    0x008855          --   Gb  - Linker created -
Serial_Available        0x0088f3    0xf  Code  Gb  serial.o [1]
Serial_Init             0x0087ba   0x37  Code  Gb  serial.o [1]
TIM4_ClearFlag          0x008925    0x5  Code  Gb  stm8s_tim4.o [1]
TIM4_Cmd                0x008902    0xd  Code  Gb  stm8s_tim4.o [1]
TIM4_ITConfig           0x008873   0x1a  Code  Gb  stm8s_tim4.o [1]
TIM4_TimeBaseInit       0x00891c    0x9  Code  Gb  stm8s_tim4.o [1]
TIM4_UPD_OVF_IRQHandler
                        0x008080  0x2f4  Code  Gb  led_control.o [1]
UART1_DeInit            0x008822   0x2b  Code  Gb  stm8s_uart1.o [1]
UART1_ITConfig          0x00867f   0x63  Code  Gb  stm8s_uart1.o [1]
UART1_Init              0x008374  0x18a  Code  Gb  stm8s_uart1.o [1]
UART1_RX_IRQHandler     0x008732   0x48  Code  Gb  serial.o [1]
__DebugBreak            0x00893f    0x1  Code  Gb  __dbg_break.o [3]
__exit                  0x0088b9   0x14  Code  Gb  __dbg_xxexit.o [3]
__iar_data_init2        0x0088a5   0x14  Code  Gb  init.o [4]
__iar_program_start     0x0088e0         Code  Gb  cstartup.o [4]
__iar_unhandled_exception
                        0x00893c         Code  Gb  unhandled_exception.o [4]
__iar_zero_init2        0x008855         Code  Gb  init_small.o [4]
__intvec                0x008000         Data  Gb  interrupt.o [4]
__low_level_init        0x008936    0x3  Code  Gb  low_level_init.o [4]
_exit                   0x00892a         Code  Gb  cexit.o [4]
_interrupt_20           0x008732         Code  Gb  serial.o [1]
_interrupt_25           0x008080         Code  Gb  led_control.o [1]
exit                    0x008939    0x3  Code  Gb  exit.o [4]
ledBrightness           0x000045   0x1c  Data  Gb  led_control.o [1]
main                    0x0087f1   0x31  Code  Gb  main.o [1]
serialRx                0x000010   0x35  Data  Gb  serial.o [1]
tempData                0x000062    0x1  Data  Gb  serial.o [1]
timeCount               0x000061    0x1  Data  Lc  led_control.o [1]


[1] = Z:\XData\1.work\3.Makerbox\Projects\2.Outsource\A.Duc_SmarthomeVN\Ledcauthang\Firmware\key_v1.1\STM8S\IAR\Debug\Obj
[2] = command line
[3] = dbgstm8smd.a
[4] = dlstm8smn.a

  2 228 bytes of readonly  code memory
    140 bytes of readonly  data memory
    355 bytes of readwrite data memory

Errors: none
Warnings: none
